<?xml version="1.0" encoding="UTF-8"?>
<TestRun id="2ccfccf0-d56f-4819-b6f1-17d3c2fb9034" name="RENISH@REN-INFOTECH 2014-03-11 22:20:48" runUser="REN-INFOTECH\RENISH" xmlns="http://microsoft.com/schemas/VisualStudio/TeamTest/2010">
  <TestSettings name="Default Test Settings" id="456c8439-49fd-429d-8f99-92723d6c3580">
    <Deployment runDeploymentRoot="RENISH_REN-INFOTECH 2014-03-11 22_20_48">
      <DeploymentItem filename="D:\RIT_Workspace\MyFirstMVC\MyFirstMVC\bin\MyFirstMVC.dll" />
    </Deployment>
    <Execution>
      <TestTypeSpecific />
      <AgentRule name="Execution Agents">
      </AgentRule>
    </Execution>
  </TestSettings>
  <Times creation="2014-03-11T22:20:48.8695711+05:30" queuing="2014-03-11T22:21:05.8175405+05:30" start="2014-03-11T22:21:06.3995738+05:30" finish="2014-03-11T22:21:30.7549668+05:30" />
  <ResultSummary outcome="Error">
    <Counters total="17" error="0" failed="0" timeout="0" aborted="0" inconclusive="0" passedButRunAborted="0" notRunnable="0" notExecuted="17" disconnected="0" warning="0" passed="0" completed="0" inProgress="0" pending="0" />
    <RunInfos>
      <RunInfo computerName="REN-INFOTECH" outcome="Error" timestamp="2014-03-11T22:21:30.7509666+05:30">
        <Text>Test host process exited unexpectedly.</Text>
      </RunInfo>
    </RunInfos>
  </ResultSummary>
  <TestDefinitions>
    <UnitTest name="LogOn_Post_ReturnsViewIfValidateUserFails" storage="d:\rit_workspace\myfirstmvc\myfirstmvc.tests\bin\debug\myfirstmvc.tests.dll" id="70202136-d0e9-7a6b-007a-72e1bcc33cc2">
      <Execution id="9de32527-5e42-4ce9-a82e-178ba9abff66" />
      <TestMethod codeBase="D:/RIT_Workspace/MyFirstMVC/MyFirstMVC.Tests/bin/Debug/MyFirstMVC.Tests.DLL" adapterTypeName="Microsoft.VisualStudio.TestTools.TestTypes.Unit.UnitTestAdapter, Microsoft.VisualStudio.QualityTools.Tips.UnitTest.Adapter, Version=10.0.0.0, Culture=neutral, PublicKeyToken=b03f5f7f11d50a3a" className="MyFirstMVC.Tests.Controllers.AccountControllerTest, MyFirstMVC.Tests, Version=1.0.0.0, Culture=neutral, PublicKeyToken=null" name="LogOn_Post_ReturnsViewIfValidateUserFails" />
    </UnitTest>
    <UnitTest name="ChangePassword_Get_ReturnsView" storage="d:\rit_workspace\myfirstmvc\myfirstmvc.tests\bin\debug\myfirstmvc.tests.dll" id="f90221a7-d641-e8de-acd8-a98bf4190c93">
      <Execution id="7986ab2d-8fc2-4fac-ae40-40cfdc4f1d29" />
      <TestMethod codeBase="D:/RIT_Workspace/MyFirstMVC/MyFirstMVC.Tests/bin/Debug/MyFirstMVC.Tests.DLL" adapterTypeName="Microsoft.VisualStudio.TestTools.TestTypes.Unit.UnitTestAdapter, Microsoft.VisualStudio.QualityTools.Tips.UnitTest.Adapter, Version=10.0.0.0, Culture=neutral, PublicKeyToken=b03f5f7f11d50a3a" className="MyFirstMVC.Tests.Controllers.AccountControllerTest, MyFirstMVC.Tests, Version=1.0.0.0, Culture=neutral, PublicKeyToken=null" name="ChangePassword_Get_ReturnsView" />
    </UnitTest>
    <UnitTest name="ChangePasswordSuccess_ReturnsView" storage="d:\rit_workspace\myfirstmvc\myfirstmvc.tests\bin\debug\myfirstmvc.tests.dll" id="d8ab82bd-93f1-f614-4138-500867e34e48">
      <Execution id="fc032e13-f510-474c-96ff-088aca8856e9" />
      <TestMethod codeBase="D:/RIT_Workspace/MyFirstMVC/MyFirstMVC.Tests/bin/Debug/MyFirstMVC.Tests.DLL" adapterTypeName="Microsoft.VisualStudio.TestTools.TestTypes.Unit.UnitTestAdapter, Microsoft.VisualStudio.QualityTools.Tips.UnitTest.Adapter, Version=10.0.0.0, Culture=neutral, PublicKeyToken=b03f5f7f11d50a3a" className="MyFirstMVC.Tests.Controllers.AccountControllerTest, MyFirstMVC.Tests, Version=1.0.0.0, Culture=neutral, PublicKeyToken=null" name="ChangePasswordSuccess_ReturnsView" />
    </UnitTest>
    <UnitTest name="ChangePassword_Post_ReturnsRedirectOnSuccess" storage="d:\rit_workspace\myfirstmvc\myfirstmvc.tests\bin\debug\myfirstmvc.tests.dll" id="fad39121-cae6-7ba8-a776-4227aeae1cfb">
      <Execution id="9d4b405d-4951-4d10-93bb-5933b6d9d447" />
      <TestMethod codeBase="D:/RIT_Workspace/MyFirstMVC/MyFirstMVC.Tests/bin/Debug/MyFirstMVC.Tests.DLL" adapterTypeName="Microsoft.VisualStudio.TestTools.TestTypes.Unit.UnitTestAdapter, Microsoft.VisualStudio.QualityTools.Tips.UnitTest.Adapter, Version=10.0.0.0, Culture=neutral, PublicKeyToken=b03f5f7f11d50a3a" className="MyFirstMVC.Tests.Controllers.AccountControllerTest, MyFirstMVC.Tests, Version=1.0.0.0, Culture=neutral, PublicKeyToken=null" name="ChangePassword_Post_ReturnsRedirectOnSuccess" />
    </UnitTest>
    <UnitTest name="LogOn_Get_ReturnsView" storage="d:\rit_workspace\myfirstmvc\myfirstmvc.tests\bin\debug\myfirstmvc.tests.dll" id="ebc08476-5eec-11cb-d2ad-c1459517b868">
      <Execution id="72348500-8a6f-4193-bae5-79340a71290c" />
      <TestMethod codeBase="D:/RIT_Workspace/MyFirstMVC/MyFirstMVC.Tests/bin/Debug/MyFirstMVC.Tests.DLL" adapterTypeName="Microsoft.VisualStudio.TestTools.TestTypes.Unit.UnitTestAdapter, Microsoft.VisualStudio.QualityTools.Tips.UnitTest.Adapter, Version=10.0.0.0, Culture=neutral, PublicKeyToken=b03f5f7f11d50a3a" className="MyFirstMVC.Tests.Controllers.AccountControllerTest, MyFirstMVC.Tests, Version=1.0.0.0, Culture=neutral, PublicKeyToken=null" name="LogOn_Get_ReturnsView" />
    </UnitTest>
    <UnitTest name="LogOn_Post_ReturnsRedirectOnSuccess_WithReturnUrl" storage="d:\rit_workspace\myfirstmvc\myfirstmvc.tests\bin\debug\myfirstmvc.tests.dll" id="96cd94ed-e671-e068-c59d-767b9a84eb50">
      <Execution id="45fa94c3-f405-4a0a-97b2-df07fb574822" />
      <TestMethod codeBase="D:/RIT_Workspace/MyFirstMVC/MyFirstMVC.Tests/bin/Debug/MyFirstMVC.Tests.DLL" adapterTypeName="Microsoft.VisualStudio.TestTools.TestTypes.Unit.UnitTestAdapter, Microsoft.VisualStudio.QualityTools.Tips.UnitTest.Adapter, Version=10.0.0.0, Culture=neutral, PublicKeyToken=b03f5f7f11d50a3a" className="MyFirstMVC.Tests.Controllers.AccountControllerTest, MyFirstMVC.Tests, Version=1.0.0.0, Culture=neutral, PublicKeyToken=null" name="LogOn_Post_ReturnsRedirectOnSuccess_WithReturnUrl" />
    </UnitTest>
    <UnitTest name="Register_Get_ReturnsView" storage="d:\rit_workspace\myfirstmvc\myfirstmvc.tests\bin\debug\myfirstmvc.tests.dll" id="af03b902-9d9a-22ca-b19c-722cbfa28ef6">
      <Execution id="0b262441-23ab-4c03-a50f-29c2e9006d28" />
      <TestMethod codeBase="D:/RIT_Workspace/MyFirstMVC/MyFirstMVC.Tests/bin/Debug/MyFirstMVC.Tests.DLL" adapterTypeName="Microsoft.VisualStudio.TestTools.TestTypes.Unit.UnitTestAdapter, Microsoft.VisualStudio.QualityTools.Tips.UnitTest.Adapter, Version=10.0.0.0, Culture=neutral, PublicKeyToken=b03f5f7f11d50a3a" className="MyFirstMVC.Tests.Controllers.AccountControllerTest, MyFirstMVC.Tests, Version=1.0.0.0, Culture=neutral, PublicKeyToken=null" name="Register_Get_ReturnsView" />
    </UnitTest>
    <UnitTest name="Register_Post_ReturnsViewIfModelStateIsInvalid" storage="d:\rit_workspace\myfirstmvc\myfirstmvc.tests\bin\debug\myfirstmvc.tests.dll" id="a040b611-3406-69aa-a754-4ace4cc5a7b2">
      <Execution id="aa93f308-272b-43ca-9aaa-03a7c0fa9798" />
      <TestMethod codeBase="D:/RIT_Workspace/MyFirstMVC/MyFirstMVC.Tests/bin/Debug/MyFirstMVC.Tests.DLL" adapterTypeName="Microsoft.VisualStudio.TestTools.TestTypes.Unit.UnitTestAdapter, Microsoft.VisualStudio.QualityTools.Tips.UnitTest.Adapter, Version=10.0.0.0, Culture=neutral, PublicKeyToken=b03f5f7f11d50a3a" className="MyFirstMVC.Tests.Controllers.AccountControllerTest, MyFirstMVC.Tests, Version=1.0.0.0, Culture=neutral, PublicKeyToken=null" name="Register_Post_ReturnsViewIfModelStateIsInvalid" />
    </UnitTest>
    <UnitTest name="About" storage="d:\rit_workspace\myfirstmvc\myfirstmvc.tests\bin\debug\myfirstmvc.tests.dll" id="b1e782de-f4f0-968d-0793-b34f6c03aa37">
      <Execution id="7ba115ee-8762-46ea-84f7-2d79163becfb" />
      <TestMethod codeBase="D:/RIT_Workspace/MyFirstMVC/MyFirstMVC.Tests/bin/Debug/MyFirstMVC.Tests.DLL" adapterTypeName="Microsoft.VisualStudio.TestTools.TestTypes.Unit.UnitTestAdapter, Microsoft.VisualStudio.QualityTools.Tips.UnitTest.Adapter, Version=10.0.0.0, Culture=neutral, PublicKeyToken=b03f5f7f11d50a3a" className="MyFirstMVC.Tests.Controllers.HomeControllerTest, MyFirstMVC.Tests, Version=1.0.0.0, Culture=neutral, PublicKeyToken=null" name="About" />
    </UnitTest>
    <UnitTest name="ChangePassword_Post_ReturnsViewIfChangePasswordFails" storage="d:\rit_workspace\myfirstmvc\myfirstmvc.tests\bin\debug\myfirstmvc.tests.dll" id="4d9d1b2e-af50-a783-5f72-26d77ef268bc">
      <Execution id="ba9a76e3-7bf4-48c7-b619-ebad425d1936" />
      <TestMethod codeBase="D:/RIT_Workspace/MyFirstMVC/MyFirstMVC.Tests/bin/Debug/MyFirstMVC.Tests.DLL" adapterTypeName="Microsoft.VisualStudio.TestTools.TestTypes.Unit.UnitTestAdapter, Microsoft.VisualStudio.QualityTools.Tips.UnitTest.Adapter, Version=10.0.0.0, Culture=neutral, PublicKeyToken=b03f5f7f11d50a3a" className="MyFirstMVC.Tests.Controllers.AccountControllerTest, MyFirstMVC.Tests, Version=1.0.0.0, Culture=neutral, PublicKeyToken=null" name="ChangePassword_Post_ReturnsViewIfChangePasswordFails" />
    </UnitTest>
    <UnitTest name="LogOn_Post_ReturnsRedirectOnSuccess_WithoutReturnUrl" storage="d:\rit_workspace\myfirstmvc\myfirstmvc.tests\bin\debug\myfirstmvc.tests.dll" id="20512316-d1c9-66ff-c112-e31fc9fedded">
      <Execution id="8076bf15-c2d4-424c-8799-2c03caf6cff9" />
      <TestMethod codeBase="D:/RIT_Workspace/MyFirstMVC/MyFirstMVC.Tests/bin/Debug/MyFirstMVC.Tests.DLL" adapterTypeName="Microsoft.VisualStudio.TestTools.TestTypes.Unit.UnitTestAdapter, Microsoft.VisualStudio.QualityTools.Tips.UnitTest.Adapter, Version=10.0.0.0, Culture=neutral, PublicKeyToken=b03f5f7f11d50a3a" className="MyFirstMVC.Tests.Controllers.AccountControllerTest, MyFirstMVC.Tests, Version=1.0.0.0, Culture=neutral, PublicKeyToken=null" name="LogOn_Post_ReturnsRedirectOnSuccess_WithoutReturnUrl" />
    </UnitTest>
    <UnitTest name="Index" storage="d:\rit_workspace\myfirstmvc\myfirstmvc.tests\bin\debug\myfirstmvc.tests.dll" id="91ba4676-435b-8af9-56cd-4c526f6ddcc4">
      <Execution id="d57f2ead-15c0-4c7d-ba6d-47f78e620290" />
      <TestMethod codeBase="D:/RIT_Workspace/MyFirstMVC/MyFirstMVC.Tests/bin/Debug/MyFirstMVC.Tests.DLL" adapterTypeName="Microsoft.VisualStudio.TestTools.TestTypes.Unit.UnitTestAdapter, Microsoft.VisualStudio.QualityTools.Tips.UnitTest.Adapter, Version=10.0.0.0, Culture=neutral, PublicKeyToken=b03f5f7f11d50a3a" className="MyFirstMVC.Tests.Controllers.HomeControllerTest, MyFirstMVC.Tests, Version=1.0.0.0, Culture=neutral, PublicKeyToken=null" name="Index" />
    </UnitTest>
    <UnitTest name="Register_Post_ReturnsRedirectOnSuccess" storage="d:\rit_workspace\myfirstmvc\myfirstmvc.tests\bin\debug\myfirstmvc.tests.dll" id="218cf645-fc3e-b090-b270-165b5ce728ab">
      <Execution id="61404f2e-710a-4719-bdec-4ae52fb94d30" />
      <TestMethod codeBase="D:/RIT_Workspace/MyFirstMVC/MyFirstMVC.Tests/bin/Debug/MyFirstMVC.Tests.DLL" adapterTypeName="Microsoft.VisualStudio.TestTools.TestTypes.Unit.UnitTestAdapter, Microsoft.VisualStudio.QualityTools.Tips.UnitTest.Adapter, Version=10.0.0.0, Culture=neutral, PublicKeyToken=b03f5f7f11d50a3a" className="MyFirstMVC.Tests.Controllers.AccountControllerTest, MyFirstMVC.Tests, Version=1.0.0.0, Culture=neutral, PublicKeyToken=null" name="Register_Post_ReturnsRedirectOnSuccess" />
    </UnitTest>
    <UnitTest name="Register_Post_ReturnsViewIfRegistrationFails" storage="d:\rit_workspace\myfirstmvc\myfirstmvc.tests\bin\debug\myfirstmvc.tests.dll" id="e0704885-cd8d-1109-937b-2f846c2d8383">
      <Execution id="29b69ef3-84b7-419e-a8c2-907f13c45f2f" />
      <TestMethod codeBase="D:/RIT_Workspace/MyFirstMVC/MyFirstMVC.Tests/bin/Debug/MyFirstMVC.Tests.DLL" adapterTypeName="Microsoft.VisualStudio.TestTools.TestTypes.Unit.UnitTestAdapter, Microsoft.VisualStudio.QualityTools.Tips.UnitTest.Adapter, Version=10.0.0.0, Culture=neutral, PublicKeyToken=b03f5f7f11d50a3a" className="MyFirstMVC.Tests.Controllers.AccountControllerTest, MyFirstMVC.Tests, Version=1.0.0.0, Culture=neutral, PublicKeyToken=null" name="Register_Post_ReturnsViewIfRegistrationFails" />
    </UnitTest>
    <UnitTest name="LogOff_LogsOutAndRedirects" storage="d:\rit_workspace\myfirstmvc\myfirstmvc.tests\bin\debug\myfirstmvc.tests.dll" id="593aa7a0-480c-3935-4631-347a5c4df54e">
      <Execution id="a315c54a-b7c9-4637-94b5-95972ad866d0" />
      <TestMethod codeBase="D:/RIT_Workspace/MyFirstMVC/MyFirstMVC.Tests/bin/Debug/MyFirstMVC.Tests.DLL" adapterTypeName="Microsoft.VisualStudio.TestTools.TestTypes.Unit.UnitTestAdapter, Microsoft.VisualStudio.QualityTools.Tips.UnitTest.Adapter, Version=10.0.0.0, Culture=neutral, PublicKeyToken=b03f5f7f11d50a3a" className="MyFirstMVC.Tests.Controllers.AccountControllerTest, MyFirstMVC.Tests, Version=1.0.0.0, Culture=neutral, PublicKeyToken=null" name="LogOff_LogsOutAndRedirects" />
    </UnitTest>
    <UnitTest name="LogOn_Post_ReturnsViewIfModelStateIsInvalid" storage="d:\rit_workspace\myfirstmvc\myfirstmvc.tests\bin\debug\myfirstmvc.tests.dll" id="30f03493-3cb3-0bb5-694d-2cada8636f17">
      <Execution id="a1cfdceb-9ae7-453d-beef-8a862d94ddd7" />
      <TestMethod codeBase="D:/RIT_Workspace/MyFirstMVC/MyFirstMVC.Tests/bin/Debug/MyFirstMVC.Tests.DLL" adapterTypeName="Microsoft.VisualStudio.TestTools.TestTypes.Unit.UnitTestAdapter, Microsoft.VisualStudio.QualityTools.Tips.UnitTest.Adapter, Version=10.0.0.0, Culture=neutral, PublicKeyToken=b03f5f7f11d50a3a" className="MyFirstMVC.Tests.Controllers.AccountControllerTest, MyFirstMVC.Tests, Version=1.0.0.0, Culture=neutral, PublicKeyToken=null" name="LogOn_Post_ReturnsViewIfModelStateIsInvalid" />
    </UnitTest>
    <UnitTest name="ChangePassword_Post_ReturnsViewIfModelStateIsInvalid" storage="d:\rit_workspace\myfirstmvc\myfirstmvc.tests\bin\debug\myfirstmvc.tests.dll" id="e7ec2cb1-bdad-676e-f4d0-198c0aef9fd3">
      <Execution id="1ab1b346-5153-43a8-adde-655d34c0241c" />
      <TestMethod codeBase="D:/RIT_Workspace/MyFirstMVC/MyFirstMVC.Tests/bin/Debug/MyFirstMVC.Tests.DLL" adapterTypeName="Microsoft.VisualStudio.TestTools.TestTypes.Unit.UnitTestAdapter, Microsoft.VisualStudio.QualityTools.Tips.UnitTest.Adapter, Version=10.0.0.0, Culture=neutral, PublicKeyToken=b03f5f7f11d50a3a" className="MyFirstMVC.Tests.Controllers.AccountControllerTest, MyFirstMVC.Tests, Version=1.0.0.0, Culture=neutral, PublicKeyToken=null" name="ChangePassword_Post_ReturnsViewIfModelStateIsInvalid" />
    </UnitTest>
  </TestDefinitions>
  <TestLists>
    <TestList name="Results Not in a List" id="8c84fa94-04c1-424b-9868-57a2d4851a1d" />
    <TestList name="All Loaded Results" id="19431567-8539-422a-85d7-44ee4e166bda" />
  </TestLists>
  <TestEntries>
    <TestEntry testId="20512316-d1c9-66ff-c112-e31fc9fedded" executionId="8076bf15-c2d4-424c-8799-2c03caf6cff9" testListId="8c84fa94-04c1-424b-9868-57a2d4851a1d" />
    <TestEntry testId="218cf645-fc3e-b090-b270-165b5ce728ab" executionId="61404f2e-710a-4719-bdec-4ae52fb94d30" testListId="8c84fa94-04c1-424b-9868-57a2d4851a1d" />
    <TestEntry testId="30f03493-3cb3-0bb5-694d-2cada8636f17" executionId="a1cfdceb-9ae7-453d-beef-8a862d94ddd7" testListId="8c84fa94-04c1-424b-9868-57a2d4851a1d" />
    <TestEntry testId="4d9d1b2e-af50-a783-5f72-26d77ef268bc" executionId="ba9a76e3-7bf4-48c7-b619-ebad425d1936" testListId="8c84fa94-04c1-424b-9868-57a2d4851a1d" />
    <TestEntry testId="593aa7a0-480c-3935-4631-347a5c4df54e" executionId="a315c54a-b7c9-4637-94b5-95972ad866d0" testListId="8c84fa94-04c1-424b-9868-57a2d4851a1d" />
    <TestEntry testId="70202136-d0e9-7a6b-007a-72e1bcc33cc2" executionId="9de32527-5e42-4ce9-a82e-178ba9abff66" testListId="8c84fa94-04c1-424b-9868-57a2d4851a1d" />
    <TestEntry testId="91ba4676-435b-8af9-56cd-4c526f6ddcc4" executionId="d57f2ead-15c0-4c7d-ba6d-47f78e620290" testListId="8c84fa94-04c1-424b-9868-57a2d4851a1d" />
    <TestEntry testId="96cd94ed-e671-e068-c59d-767b9a84eb50" executionId="45fa94c3-f405-4a0a-97b2-df07fb574822" testListId="8c84fa94-04c1-424b-9868-57a2d4851a1d" />
    <TestEntry testId="a040b611-3406-69aa-a754-4ace4cc5a7b2" executionId="aa93f308-272b-43ca-9aaa-03a7c0fa9798" testListId="8c84fa94-04c1-424b-9868-57a2d4851a1d" />
    <TestEntry testId="af03b902-9d9a-22ca-b19c-722cbfa28ef6" executionId="0b262441-23ab-4c03-a50f-29c2e9006d28" testListId="8c84fa94-04c1-424b-9868-57a2d4851a1d" />
    <TestEntry testId="b1e782de-f4f0-968d-0793-b34f6c03aa37" executionId="7ba115ee-8762-46ea-84f7-2d79163becfb" testListId="8c84fa94-04c1-424b-9868-57a2d4851a1d" />
    <TestEntry testId="d8ab82bd-93f1-f614-4138-500867e34e48" executionId="fc032e13-f510-474c-96ff-088aca8856e9" testListId="8c84fa94-04c1-424b-9868-57a2d4851a1d" />
    <TestEntry testId="e0704885-cd8d-1109-937b-2f846c2d8383" executionId="29b69ef3-84b7-419e-a8c2-907f13c45f2f" testListId="8c84fa94-04c1-424b-9868-57a2d4851a1d" />
    <TestEntry testId="e7ec2cb1-bdad-676e-f4d0-198c0aef9fd3" executionId="1ab1b346-5153-43a8-adde-655d34c0241c" testListId="8c84fa94-04c1-424b-9868-57a2d4851a1d" />
    <TestEntry testId="ebc08476-5eec-11cb-d2ad-c1459517b868" executionId="72348500-8a6f-4193-bae5-79340a71290c" testListId="8c84fa94-04c1-424b-9868-57a2d4851a1d" />
    <TestEntry testId="f90221a7-d641-e8de-acd8-a98bf4190c93" executionId="7986ab2d-8fc2-4fac-ae40-40cfdc4f1d29" testListId="8c84fa94-04c1-424b-9868-57a2d4851a1d" />
    <TestEntry testId="fad39121-cae6-7ba8-a776-4227aeae1cfb" executionId="9d4b405d-4951-4d10-93bb-5933b6d9d447" testListId="8c84fa94-04c1-424b-9868-57a2d4851a1d" />
  </TestEntries>
  <Results>
    <UnitTestResult executionId="8076bf15-c2d4-424c-8799-2c03caf6cff9" testId="20512316-d1c9-66ff-c112-e31fc9fedded" testName="LogOn_Post_ReturnsRedirectOnSuccess_WithoutReturnUrl" computerName="REN-INFOTECH" testType="13cdc9d9-ddb5-4fa4-a97d-d965ccfc6d4b" outcome="NotExecuted" testListId="8c84fa94-04c1-424b-9868-57a2d4851a1d" relativeResultsDirectory="8076bf15-c2d4-424c-8799-2c03caf6cff9">
    </UnitTestResult>
    <UnitTestResult executionId="61404f2e-710a-4719-bdec-4ae52fb94d30" testId="218cf645-fc3e-b090-b270-165b5ce728ab" testName="Register_Post_ReturnsRedirectOnSuccess" computerName="REN-INFOTECH" testType="13cdc9d9-ddb5-4fa4-a97d-d965ccfc6d4b" outcome="NotExecuted" testListId="8c84fa94-04c1-424b-9868-57a2d4851a1d" relativeResultsDirectory="61404f2e-710a-4719-bdec-4ae52fb94d30">
    </UnitTestResult>
    <UnitTestResult executionId="a1cfdceb-9ae7-453d-beef-8a862d94ddd7" testId="30f03493-3cb3-0bb5-694d-2cada8636f17" testName="LogOn_Post_ReturnsViewIfModelStateIsInvalid" computerName="REN-INFOTECH" testType="13cdc9d9-ddb5-4fa4-a97d-d965ccfc6d4b" outcome="NotExecuted" testListId="8c84fa94-04c1-424b-9868-57a2d4851a1d" relativeResultsDirectory="a1cfdceb-9ae7-453d-beef-8a862d94ddd7">
    </UnitTestResult>
    <UnitTestResult executionId="ba9a76e3-7bf4-48c7-b619-ebad425d1936" testId="4d9d1b2e-af50-a783-5f72-26d77ef268bc" testName="ChangePassword_Post_ReturnsViewIfChangePasswordFails" computerName="REN-INFOTECH" testType="13cdc9d9-ddb5-4fa4-a97d-d965ccfc6d4b" outcome="NotExecuted" testListId="8c84fa94-04c1-424b-9868-57a2d4851a1d" relativeResultsDirectory="ba9a76e3-7bf4-48c7-b619-ebad425d1936">
    </UnitTestResult>
    <UnitTestResult executionId="a315c54a-b7c9-4637-94b5-95972ad866d0" testId="593aa7a0-480c-3935-4631-347a5c4df54e" testName="LogOff_LogsOutAndRedirects" computerName="REN-INFOTECH" testType="13cdc9d9-ddb5-4fa4-a97d-d965ccfc6d4b" outcome="NotExecuted" testListId="8c84fa94-04c1-424b-9868-57a2d4851a1d" relativeResultsDirectory="a315c54a-b7c9-4637-94b5-95972ad866d0">
    </UnitTestResult>
    <UnitTestResult executionId="9de32527-5e42-4ce9-a82e-178ba9abff66" testId="70202136-d0e9-7a6b-007a-72e1bcc33cc2" testName="LogOn_Post_ReturnsViewIfValidateUserFails" computerName="REN-INFOTECH" testType="13cdc9d9-ddb5-4fa4-a97d-d965ccfc6d4b" outcome="NotExecuted" testListId="8c84fa94-04c1-424b-9868-57a2d4851a1d" relativeResultsDirectory="9de32527-5e42-4ce9-a82e-178ba9abff66">
    </UnitTestResult>
    <UnitTestResult executionId="d57f2ead-15c0-4c7d-ba6d-47f78e620290" testId="91ba4676-435b-8af9-56cd-4c526f6ddcc4" testName="Index" computerName="REN-INFOTECH" testType="13cdc9d9-ddb5-4fa4-a97d-d965ccfc6d4b" outcome="NotExecuted" testListId="8c84fa94-04c1-424b-9868-57a2d4851a1d" relativeResultsDirectory="d57f2ead-15c0-4c7d-ba6d-47f78e620290">
    </UnitTestResult>
    <UnitTestResult executionId="45fa94c3-f405-4a0a-97b2-df07fb574822" testId="96cd94ed-e671-e068-c59d-767b9a84eb50" testName="LogOn_Post_ReturnsRedirectOnSuccess_WithReturnUrl" computerName="REN-INFOTECH" testType="13cdc9d9-ddb5-4fa4-a97d-d965ccfc6d4b" outcome="NotExecuted" testListId="8c84fa94-04c1-424b-9868-57a2d4851a1d" relativeResultsDirectory="45fa94c3-f405-4a0a-97b2-df07fb574822">
    </UnitTestResult>
    <UnitTestResult executionId="aa93f308-272b-43ca-9aaa-03a7c0fa9798" testId="a040b611-3406-69aa-a754-4ace4cc5a7b2" testName="Register_Post_ReturnsViewIfModelStateIsInvalid" computerName="REN-INFOTECH" testType="13cdc9d9-ddb5-4fa4-a97d-d965ccfc6d4b" outcome="NotExecuted" testListId="8c84fa94-04c1-424b-9868-57a2d4851a1d" relativeResultsDirectory="aa93f308-272b-43ca-9aaa-03a7c0fa9798">
    </UnitTestResult>
    <UnitTestResult executionId="0b262441-23ab-4c03-a50f-29c2e9006d28" testId="af03b902-9d9a-22ca-b19c-722cbfa28ef6" testName="Register_Get_ReturnsView" computerName="REN-INFOTECH" testType="13cdc9d9-ddb5-4fa4-a97d-d965ccfc6d4b" outcome="NotExecuted" testListId="8c84fa94-04c1-424b-9868-57a2d4851a1d" relativeResultsDirectory="0b262441-23ab-4c03-a50f-29c2e9006d28">
    </UnitTestResult>
    <UnitTestResult executionId="7ba115ee-8762-46ea-84f7-2d79163becfb" testId="b1e782de-f4f0-968d-0793-b34f6c03aa37" testName="About" computerName="REN-INFOTECH" testType="13cdc9d9-ddb5-4fa4-a97d-d965ccfc6d4b" outcome="NotExecuted" testListId="8c84fa94-04c1-424b-9868-57a2d4851a1d" relativeResultsDirectory="7ba115ee-8762-46ea-84f7-2d79163becfb">
    </UnitTestResult>
    <UnitTestResult executionId="fc032e13-f510-474c-96ff-088aca8856e9" testId="d8ab82bd-93f1-f614-4138-500867e34e48" testName="ChangePasswordSuccess_ReturnsView" computerName="REN-INFOTECH" testType="13cdc9d9-ddb5-4fa4-a97d-d965ccfc6d4b" outcome="NotExecuted" testListId="8c84fa94-04c1-424b-9868-57a2d4851a1d" relativeResultsDirectory="fc032e13-f510-474c-96ff-088aca8856e9">
    </UnitTestResult>
    <UnitTestResult executionId="29b69ef3-84b7-419e-a8c2-907f13c45f2f" testId="e0704885-cd8d-1109-937b-2f846c2d8383" testName="Register_Post_ReturnsViewIfRegistrationFails" computerName="REN-INFOTECH" testType="13cdc9d9-ddb5-4fa4-a97d-d965ccfc6d4b" outcome="NotExecuted" testListId="8c84fa94-04c1-424b-9868-57a2d4851a1d" relativeResultsDirectory="29b69ef3-84b7-419e-a8c2-907f13c45f2f">
    </UnitTestResult>
    <UnitTestResult executionId="1ab1b346-5153-43a8-adde-655d34c0241c" testId="e7ec2cb1-bdad-676e-f4d0-198c0aef9fd3" testName="ChangePassword_Post_ReturnsViewIfModelStateIsInvalid" computerName="REN-INFOTECH" testType="13cdc9d9-ddb5-4fa4-a97d-d965ccfc6d4b" outcome="NotExecuted" testListId="8c84fa94-04c1-424b-9868-57a2d4851a1d" relativeResultsDirectory="1ab1b346-5153-43a8-adde-655d34c0241c">
    </UnitTestResult>
    <UnitTestResult executionId="72348500-8a6f-4193-bae5-79340a71290c" testId="ebc08476-5eec-11cb-d2ad-c1459517b868" testName="LogOn_Get_ReturnsView" computerName="REN-INFOTECH" testType="13cdc9d9-ddb5-4fa4-a97d-d965ccfc6d4b" outcome="NotExecuted" testListId="8c84fa94-04c1-424b-9868-57a2d4851a1d" relativeResultsDirectory="72348500-8a6f-4193-bae5-79340a71290c">
    </UnitTestResult>
    <UnitTestResult executionId="7986ab2d-8fc2-4fac-ae40-40cfdc4f1d29" testId="f90221a7-d641-e8de-acd8-a98bf4190c93" testName="ChangePassword_Get_ReturnsView" computerName="REN-INFOTECH" testType="13cdc9d9-ddb5-4fa4-a97d-d965ccfc6d4b" outcome="NotExecuted" testListId="8c84fa94-04c1-424b-9868-57a2d4851a1d" relativeResultsDirectory="7986ab2d-8fc2-4fac-ae40-40cfdc4f1d29">
    </UnitTestResult>
    <UnitTestResult executionId="9d4b405d-4951-4d10-93bb-5933b6d9d447" testId="fad39121-cae6-7ba8-a776-4227aeae1cfb" testName="ChangePassword_Post_ReturnsRedirectOnSuccess" computerName="REN-INFOTECH" testType="13cdc9d9-ddb5-4fa4-a97d-d965ccfc6d4b" outcome="NotExecuted" testListId="8c84fa94-04c1-424b-9868-57a2d4851a1d" relativeResultsDirectory="9d4b405d-4951-4d10-93bb-5933b6d9d447">
    </UnitTestResult>
  </Results>
</TestRun>